Python provides two very important features to handle any unexpected error in your Python programs and to add debugging capabilities in them −

    Exception Handling − This would be covered in this tutorial. Here is a list standard Exceptions available in Python: Standard Exceptions.

    Assertions − This would be covered in Assertions in Python tutorial.


